C51 COMPILER V9.01   MAIN                                                                  04/12/2025 22:29:45 PAGE 1   


C51 COMPILER V9.01, COMPILATION OF MODULE MAIN
OBJECT MODULE PLACED IN main.OBJ
COMPILER INVOKED BY: C:\Users\z'j'c\Desktop\«∂»Î Ω\C51\BIN\C51.EXE main.c BROWSE DEBUG OBJECTEXTEND

line level    source

   1          #include <REGX52.H>
   2          unsigned char num[]={0x3f,0x06,0x5b,0x4f,0x66,0x6d,0x7d,0x07,0x7f,0x6f,} ;
   3          void research(unsigned char LEDNUM,unsigned char NUM)
   4          {
   5   1        switch(LEDNUM)
   6   1        {
   7   2              case 1:
   8   2                      P2_2=P2_3=P2_4=0;
   9   2                      break;
  10   2              case 2:
  11   2                      P2_3=P2_4=0;
  12   2                      P2_2=1;
  13   2                      break;
  14   2              case 3:
  15   2                      P2_2=P2_4=1;
  16   2                      P2_3=0;
  17   2                      break;
  18   2              case 4:
  19   2                      P2_2=P2_3=1;
  20   2                      P2_4=0;
  21   2                      break;
  22   2              case 5:
  23   2                      P2_4=1;
  24   2                      P2_2=P2_3=0;
  25   2                      break;
  26   2              case 6:
  27   2                      P2_4=P2_2=1;
  28   2                      P2_3=0;
  29   2                      break;
  30   2              case 7:
  31   2                      P2_4=P2_3=1;
  32   2                      P2_2=0;
  33   2                      break;
  34   2              case 8:
  35   2                      P2_2=P2_3=P2_4=1;
  36   2                      break;
  37   2        
  38   2        }
  39   1         P0=num[NUM];
  40   1      }
  41          
  42          void main()
  43          {       research(6,9);
  44   1              while (1)
  45   1              {
  46   2                      
  47   2              }
  48   1      
  49   1      }


MODULE INFORMATION:   STATIC OVERLAYABLE
   CODE SIZE        =    120    ----
   CONSTANT SIZE    =   ----    ----
   XDATA SIZE       =   ----    ----
C51 COMPILER V9.01   MAIN                                                                  04/12/2025 22:29:45 PAGE 2   

   PDATA SIZE       =   ----    ----
   DATA SIZE        =     10    ----
   IDATA SIZE       =   ----    ----
   BIT SIZE         =   ----    ----
END OF MODULE INFORMATION.


C51 COMPILATION COMPLETE.  0 WARNING(S),  0 ERROR(S)
